../Core/Src/main.c:80:5:main	80	static
../Core/Src/main.c:140:6:SystemClock_Config	88	static
../Core/Src/main.c:180:13:MX_I2C1_Init	8	static
../Core/Src/main.c:214:13:MX_TIM1_Init	96	static
../Core/Src/main.c:287:13:MX_TIM3_Init	56	static
../Core/Src/main.c:336:13:MX_TIM8_Init	96	static
../Core/Src/main.c:414:13:MX_USART3_UART_Init	8	static
../Core/Src/main.c:445:13:MX_DMA_Init	16	static
../Core/Src/main.c:463:13:MX_GPIO_Init	48	static
../Core/Src/main.c:503:6:Error_Handler	4	static,ignoring_inline_asm
